running develop
running egg_info
creating crazyflie.egg-info
writing crazyflie.egg-info/PKG-INFO
writing dependency_links to crazyflie.egg-info/dependency_links.txt
writing entry points to crazyflie.egg-info/entry_points.txt
writing requirements to crazyflie.egg-info/requires.txt
writing top-level names to crazyflie.egg-info/top_level.txt
writing manifest file 'crazyflie.egg-info/SOURCES.txt'
reading manifest file 'crazyflie.egg-info/SOURCES.txt'
writing manifest file 'crazyflie.egg-info/SOURCES.txt'
running build_ext
Creating /home/abhishek/eysip_hardware/src/crazyflie/install/crazyflie/lib/python3.10/site-packages/crazyflie.egg-link (link to .)
Installing a_star_planner script to /home/abhishek/eysip_hardware/src/crazyflie/install/crazyflie/lib/crazyflie
Installing multiranger_mapper script to /home/abhishek/eysip_hardware/src/crazyflie/install/crazyflie/lib/crazyflie
Installing publish_saved_map script to /home/abhishek/eysip_hardware/src/crazyflie/install/crazyflie/lib/crazyflie
Installing rviz_keyboard_mapping script to /home/abhishek/eysip_hardware/src/crazyflie/install/crazyflie/lib/crazyflie
Installing scan_match_localizer script to /home/abhishek/eysip_hardware/src/crazyflie/install/crazyflie/lib/crazyflie

Installed /home/abhishek/eysip_hardware/src/crazyflie/build/crazyflie
running symlink_data
creating /home/abhishek/eysip_hardware/src/crazyflie/install/crazyflie/share/ament_index
creating /home/abhishek/eysip_hardware/src/crazyflie/install/crazyflie/share/ament_index/resource_index
creating /home/abhishek/eysip_hardware/src/crazyflie/install/crazyflie/share/ament_index/resource_index/packages
symbolically linking /home/abhishek/eysip_hardware/src/crazyflie/build/crazyflie/resource/crazyflie -> /home/abhishek/eysip_hardware/src/crazyflie/install/crazyflie/share/ament_index/resource_index/packages
symbolically linking /home/abhishek/eysip_hardware/src/crazyflie/build/crazyflie/package.xml -> /home/abhishek/eysip_hardware/src/crazyflie/install/crazyflie/share/crazyflie
creating /home/abhishek/eysip_hardware/src/crazyflie/install/crazyflie/share/crazyflie/launch
symbolically linking /home/abhishek/eysip_hardware/src/crazyflie/build/crazyflie/test_runs/scan_matching.launch.py -> /home/abhishek/eysip_hardware/src/crazyflie/install/crazyflie/share/crazyflie/launch
creating /home/abhishek/eysip_hardware/src/crazyflie/install/crazyflie/share/crazyflie/launch/rviz_mapping
symbolically linking /home/abhishek/eysip_hardware/src/crazyflie/build/crazyflie/test_runs/flight_tests/rviz_mapping/rviz_keyboard_mapping.launch.py -> /home/abhishek/eysip_hardware/src/crazyflie/install/crazyflie/share/crazyflie/launch/rviz_mapping
creating /home/abhishek/eysip_hardware/src/crazyflie/install/crazyflie/share/crazyflie/rviz
creating /home/abhishek/eysip_hardware/src/crazyflie/install/crazyflie/share/crazyflie/rviz/rviz_mapping
symbolically linking /home/abhishek/eysip_hardware/src/crazyflie/build/crazyflie/test_runs/flight_tests/rviz_mapping/rviz_keyboard_mapping.rviz -> /home/abhishek/eysip_hardware/src/crazyflie/install/crazyflie/share/crazyflie/rviz/rviz_mapping
symbolically linking /home/abhishek/eysip_hardware/src/crazyflie/build/crazyflie/test_runs/scan_matching.rviz -> /home/abhishek/eysip_hardware/src/crazyflie/install/crazyflie/share/crazyflie/rviz
