[0.453s] Invoking command in '/home/abhishek/eysip_hardware/src/crazyflie/build/crazyflie': PYTHONPATH=/home/abhishek/eysip_hardware/src/crazyflie/build/crazyflie/prefix_override:/usr/lib/python3/dist-packages/colcon_core/task/python/colcon_distutils_commands:/home/abhishek/eysip_hardware/src/crazyflie/install/crazyflie/lib/python3.10/site-packages:${PYTHONPATH} /usr/bin/python3 -W ignore:setup.py install is deprecated -W ignore:easy_install command is deprecated setup.py develop --editable --build-directory /home/abhishek/eysip_hardware/src/crazyflie/build/crazyflie/build --no-deps symlink_data
[0.627s] running develop
[0.753s] running egg_info
[0.753s] creating crazyflie.egg-info
[0.753s] writing crazyflie.egg-info/PKG-INFO
[0.753s] writing dependency_links to crazyflie.egg-info/dependency_links.txt
[0.753s] writing entry points to crazyflie.egg-info/entry_points.txt
[0.753s] writing requirements to crazyflie.egg-info/requires.txt
[0.754s] writing top-level names to crazyflie.egg-info/top_level.txt
[0.754s] writing manifest file 'crazyflie.egg-info/SOURCES.txt'
[0.755s] reading manifest file 'crazyflie.egg-info/SOURCES.txt'
[0.755s] writing manifest file 'crazyflie.egg-info/SOURCES.txt'
[0.756s] running build_ext
[0.756s] Creating /home/abhishek/eysip_hardware/src/crazyflie/install/crazyflie/lib/python3.10/site-packages/crazyflie.egg-link (link to .)
[0.757s] Installing a_star_planner script to /home/abhishek/eysip_hardware/src/crazyflie/install/crazyflie/lib/crazyflie
[0.757s] Installing multiranger_mapper script to /home/abhishek/eysip_hardware/src/crazyflie/install/crazyflie/lib/crazyflie
[0.757s] Installing publish_saved_map script to /home/abhishek/eysip_hardware/src/crazyflie/install/crazyflie/lib/crazyflie
[0.757s] Installing rviz_keyboard_mapping script to /home/abhishek/eysip_hardware/src/crazyflie/install/crazyflie/lib/crazyflie
[0.757s] Installing scan_match_localizer script to /home/abhishek/eysip_hardware/src/crazyflie/install/crazyflie/lib/crazyflie
[0.757s] 
[0.757s] Installed /home/abhishek/eysip_hardware/src/crazyflie/build/crazyflie
[0.757s] running symlink_data
[0.757s] creating /home/abhishek/eysip_hardware/src/crazyflie/install/crazyflie/share/ament_index
[0.758s] creating /home/abhishek/eysip_hardware/src/crazyflie/install/crazyflie/share/ament_index/resource_index
[0.758s] creating /home/abhishek/eysip_hardware/src/crazyflie/install/crazyflie/share/ament_index/resource_index/packages
[0.758s] symbolically linking /home/abhishek/eysip_hardware/src/crazyflie/build/crazyflie/resource/crazyflie -> /home/abhishek/eysip_hardware/src/crazyflie/install/crazyflie/share/ament_index/resource_index/packages
[0.758s] symbolically linking /home/abhishek/eysip_hardware/src/crazyflie/build/crazyflie/package.xml -> /home/abhishek/eysip_hardware/src/crazyflie/install/crazyflie/share/crazyflie
[0.758s] creating /home/abhishek/eysip_hardware/src/crazyflie/install/crazyflie/share/crazyflie/launch
[0.758s] symbolically linking /home/abhishek/eysip_hardware/src/crazyflie/build/crazyflie/test_runs/scan_matching.launch.py -> /home/abhishek/eysip_hardware/src/crazyflie/install/crazyflie/share/crazyflie/launch
[0.758s] creating /home/abhishek/eysip_hardware/src/crazyflie/install/crazyflie/share/crazyflie/launch/rviz_mapping
[0.758s] symbolically linking /home/abhishek/eysip_hardware/src/crazyflie/build/crazyflie/test_runs/flight_tests/rviz_mapping/rviz_keyboard_mapping.launch.py -> /home/abhishek/eysip_hardware/src/crazyflie/install/crazyflie/share/crazyflie/launch/rviz_mapping
[0.758s] creating /home/abhishek/eysip_hardware/src/crazyflie/install/crazyflie/share/crazyflie/rviz
[0.758s] creating /home/abhishek/eysip_hardware/src/crazyflie/install/crazyflie/share/crazyflie/rviz/rviz_mapping
[0.758s] symbolically linking /home/abhishek/eysip_hardware/src/crazyflie/build/crazyflie/test_runs/flight_tests/rviz_mapping/rviz_keyboard_mapping.rviz -> /home/abhishek/eysip_hardware/src/crazyflie/install/crazyflie/share/crazyflie/rviz/rviz_mapping
[0.758s] symbolically linking /home/abhishek/eysip_hardware/src/crazyflie/build/crazyflie/test_runs/scan_matching.rviz -> /home/abhishek/eysip_hardware/src/crazyflie/install/crazyflie/share/crazyflie/rviz
[0.777s] Invoked command in '/home/abhishek/eysip_hardware/src/crazyflie/build/crazyflie' returned '0': PYTHONPATH=/home/abhishek/eysip_hardware/src/crazyflie/build/crazyflie/prefix_override:/usr/lib/python3/dist-packages/colcon_core/task/python/colcon_distutils_commands:/home/abhishek/eysip_hardware/src/crazyflie/install/crazyflie/lib/python3.10/site-packages:${PYTHONPATH} /usr/bin/python3 -W ignore:setup.py install is deprecated -W ignore:easy_install command is deprecated setup.py develop --editable --build-directory /home/abhishek/eysip_hardware/src/crazyflie/build/crazyflie/build --no-deps symlink_data
